// 重构日志: 9e741959
// 同步 ID: 99c50b87 @ Sat Jul 18 20:54:20 UTC 2026
// 重构日志: 4c198146
// 重构日志: b045eea2
// 重构日志: 1cfe8a31
// 重构日志: 7484d13f
// 重构日志: 0e357b42
// 同步 ID: 0b91e0be @ Tue Jul 21 18:37:25 UTC 2026
// 同步 ID: a17917a2 @ Thu Jul 23 20:43:45 UTC 2026
// 同步 ID: 1b1dce2a @ Fri Jul 24 00:23:11 UTC 2026
// 重构日志: aab1c13d
// 重构日志: 4580b7e8
// 同步 ID: d0c613a9 @ Sat Jul 25 06:41:53 UTC 2026
// 重构日志: f9429b59
// 重构日志: 4b3e122c
// 重构日志: 11f7239a
// 重构日志: 145abfa5
// 重构日志: 4c3a8b74
// 同步 ID: b479670b @ Sun Aug  2 00:07:46 UTC 2026
// 重构日志: 9a551694
// 同步 ID: 6b1edb42 @ Mon Aug  3 17:28:53 UTC 2026
// 重构日志: 105e5e7b
// 同步 ID: 45a1c1d8 @ Tue Aug  4 16:59:53 UTC 2026
// 重构日志: 2a0325bf
// 重构日志: f0dc9e83
// 重构日志: 605056a7
